http.*\.4shared\.com.*(\.exe|\.iso|\.torrent|\.zip|\.rar|\.pdf|\.doc|\.tar|\.mp3|\.mp4|\.avi|\.wmv)
http.*\.avast\.com.*(\.def|\.vpu|\.vpaa|\.stamp)
http.*(\.avg\.com|\.grisoft\.com|\.grisoft\.cz).*(\.bin|\.exe)
http.*(\.avgate\.com|\.avgate\.net|\.freeav\.net|\.freeav\.com).*(\.gz)
http.*\.bitgravity\.com.*(\.flv\.mp4)
http.*\.dailymotion\.com.*(\.flv|\.on2|\.h264|\.mp4)
http.*\.etrustdownloads\.ca\.com.*(\.tar|\.zip|\.exe|\.pkg)
http.*flashvideo\.globo\.com.*(\.mp4|\.flv)
74\.125\.(25[0-5]|2[0-4][0-9]|[01]?[0-9][0-9]?)\.(25[0-5]|2[0-4][0-9]|[01]?[0-9][0-9]?)
http.*\.googlevideo\.com.*videoplayback
http.*fpatch\.grandchase\.com\.br.*(\.kom|\.mkom|\.mp3)
http.*(\.kaspersky-labs\.com|\.geo\.kaspersky\.com|kasperskyusa\.com).*(\.avc|\.kdc|\.klz|\.bz2|\.dat|\.dif)
http.*\.mccont\.com.*\.flv
http.*\.mediafire\.com.*(\.exe|\.iso|\.torrent|\.zip|\.rar|\.pdf|\.doc|\.tar|\.mp3|\.mp4|\.avi|\.wmv)
http.*\.megaupload\.com.*(\.exe|\.iso|\.torrent|\.zip|\.rar|\.pdf|\.doc|\.tar|\.mp3|\.mp4|\.avi|\.wmv)
http.*\.megavideo\.com.*\.flv
http.*\.metacafe\.com.*\.flv
http.*(\.windowsupdate\.com|\.microsoft\.com).*(\.cab|\.exe|\.iso|\.zip|\.psf)
http.*\.pornhub\.com.*\.flv
http.*\.pornotube\.com.*\.flv
http.*\.rapidshare\.com.*(\.exe|\.iso|\.torrent|\.zip|\.rar|\.pdf|\.doc|\.tar|\.mp3|\.mp4|\.avi|\.wmv)
http.*\.redtube\.com\/.*flv
http.*\.terra\.com.*\.flv
http.*media[a-z0-9]{2}\.tube8\.com.*.*\.flv
http.*uol\.com\.br.*\.flv
http.*\.viddler\.com.*\.flv
http.*\.video\.msn\.com.*\.flv
http.*\.vimeo\.com.*\.flv
http.*\.xtube\.com.*\.flv
http.*\.xvideos\.com.*\.flv
http.*\.youtube\.com.*videoplayback
http.*\.ziddu\.com.*(\.exe|\.iso|\.torrent|\.zip|\.rar|\.pdf|\.doc|\.tar|\.mp3|\.mp4|\.avi|\.wmv)
http.*\.google\.com.*(search\?|cse\?)
http.*search\.live\.com.*
http.*\.bing\.com.*
http.*edgecastcdn\.net/.*(\.mp4|\.flv)
http.*adobe\.com/.*(\.cab|\.aup|\.exe|\.msi|\.upd|\.msp)
#http.*\.eset\.com.*\.nup
#http.*\.nai\.com.*(\.zip|\.tar|\.exe|\.gem)
#http.*\.orkut\.com.*\.jpg
#http.*\.pop6\.com.*(\.flv)
#http.*\.symantecliveupdate\.com.*(\.zip|\.exe)
#http.*\.xpg\.com\.br.*\
#http.*\.ytimg\.com.*\.jpg

